
> eyewear-project@0.0.0 build
> npm run validate && tsc -b && vite build


> eyewear-project@0.0.0 validate
> npm run type-check && npm run lint && npm run format:check


> eyewear-project@0.0.0 type-check
> tsc --noEmit


> eyewear-project@0.0.0 lint
> eslint src --ext .ts,.tsx


D:\Github\swp-Data-Labeling-Support-System\FrontEnd\src\api\LabelApi.ts
  33:30  warning  Unexpected any. Specify a different type  @typescript-eslint/no-explicit-any
  54:31  warning  Unexpected any. Specify a different type  @typescript-eslint/no-explicit-any

D:\Github\swp-Data-Labeling-Support-System\FrontEnd\src\components\common\ProfileModal.tsx
  42:53  warning  Unexpected any. Specify a different type  @typescript-eslint/no-explicit-any
  79:41  warning  Unexpected any. Specify a different type  @typescript-eslint/no-explicit-any
  79:72  warning  Unexpected any. Specify a different type  @typescript-eslint/no-explicit-any

D:\Github\swp-Data-Labeling-Support-System\FrontEnd\src\features\admin\components\AddProjectModal.tsx
  10:25  warning  Unexpected any. Specify a different type  @typescript-eslint/no-explicit-any
  17:39  warning  Unexpected any. Specify a different type  @typescript-eslint/no-explicit-any
  30:24  warning  Unexpected any. Specify a different type  @typescript-eslint/no-explicit-any

D:\Github\swp-Data-Labeling-Support-System\FrontEnd\src\features\admin\components\AddUserModal.tsx
  15:22  warning  Unexpected any. Specify a different type  @typescript-eslint/no-explicit-any
  22:39  warning  Unexpected any. Specify a different type  @typescript-eslint/no-explicit-any
  45:24  warning  Unexpected any. Specify a different type  @typescript-eslint/no-explicit-any

D:\Github\swp-Data-Labeling-Support-System\FrontEnd\src\features\admin\components\EditUserModal.tsx
  11:22  warning  Unexpected any. Specify a different type  @typescript-eslint/no-explicit-any
  12:14  warning  Unexpected any. Specify a different type  @typescript-eslint/no-explicit-any
  38:39  warning  Unexpected any. Specify a different type  @typescript-eslint/no-explicit-any
  60:26  warning  Unexpected any. Specify a different type  @typescript-eslint/no-explicit-any

D:\Github\swp-Data-Labeling-Support-System\FrontEnd\src\features\admin\hooks\useProjects.ts
  20:22  warning  Unexpected any. Specify a different type  @typescript-eslint/no-explicit-any
  35:22  warning  Unexpected any. Specify a different type  @typescript-eslint/no-explicit-any
  49:22  warning  Unexpected any. Specify a different type  @typescript-eslint/no-explicit-any

D:\Github\swp-Data-Labeling-Support-System\FrontEnd\src\features\admin\hooks\useUsers.ts
  22:22  warning  Unexpected any. Specify a different type  @typescript-eslint/no-explicit-any
  38:22  warning  Unexpected any. Specify a different type  @typescript-eslint/no-explicit-any
  53:22  warning  Unexpected any. Specify a different type  @typescript-eslint/no-explicit-any
  68:22  warning  Unexpected any. Specify a different type  @typescript-eslint/no-explicit-any

D:\Github\swp-Data-Labeling-Support-System\FrontEnd\src\features\auth\services\auth.service.ts
  57:44  warning  Unexpected any. Specify a different type  @typescript-eslint/no-explicit-any
  64:54  warning  Unexpected any. Specify a different type  @typescript-eslint/no-explicit-any

D:\Github\swp-Data-Labeling-Support-System\FrontEnd\src\features\manager\components\TeamAssignmentContent.tsx
  59:83  warning  Unexpected any. Specify a different type  @typescript-eslint/no-explicit-any

D:\Github\swp-Data-Labeling-Support-System\FrontEnd\src\features\manager\components\dashboard\EditProjects.tsx
  52:35  warning  Unexpected any. Specify a different type  @typescript-eslint/no-explicit-any

D:\Github\swp-Data-Labeling-Support-System\FrontEnd\src\features\reviewer\components\workspace\RejectModal.tsx
  57:14  warning  Unexpected any. Specify a different type  @typescript-eslint/no-explicit-any

D:\Github\swp-Data-Labeling-Support-System\FrontEnd\src\lib\axios.ts
  26:18  warning  Unexpected any. Specify a different type  @typescript-eslint/no-explicit-any
  29:30  warning  Unexpected any. Specify a different type  @typescript-eslint/no-explicit-any

D:\Github\swp-Data-Labeling-Support-System\FrontEnd\src\pages\admin\AdminDashboardPage.tsx
   9:67  warning  Unexpected any. Specify a different type  @typescript-eslint/no-explicit-any
  14:37  warning  Unexpected any. Specify a different type  @typescript-eslint/no-explicit-any

D:\Github\swp-Data-Labeling-Support-System\FrontEnd\src\pages\admin\ProjectManagementPage.tsx
   16:1   error    'antd' import is duplicated               no-duplicate-imports
   25:79  warning  Unexpected any. Specify a different type  @typescript-eslint/no-explicit-any
   27:36  warning  Unexpected any. Specify a different type  @typescript-eslint/no-explicit-any
  234:41  warning  Unexpected any. Specify a different type  @typescript-eslint/no-explicit-any

D:\Github\swp-Data-Labeling-Support-System\FrontEnd\src\pages\admin\UserManagementPage.tsx
   21:72  warning  Unexpected any. Specify a different type  @typescript-eslint/no-explicit-any
   22:78  warning  Unexpected any. Specify a different type  @typescript-eslint/no-explicit-any
   31:67  warning  Unexpected any. Specify a different type  @typescript-eslint/no-explicit-any
   35:9   warning  Unexpected any. Specify a different type  @typescript-eslint/no-explicit-any
   39:42  warning  Unexpected any. Specify a different type  @typescript-eslint/no-explicit-any
   44:33  warning  Unexpected any. Specify a different type  @typescript-eslint/no-explicit-any
  275:35  warning  Unexpected any. Specify a different type  @typescript-eslint/no-explicit-any

D:\Github\swp-Data-Labeling-Support-System\FrontEnd\src\pages\annotator\AnnotationPage.tsx
   61:39  warning  Unexpected any. Specify a different type  @typescript-eslint/no-explicit-any
   74:52  warning  Unexpected any. Specify a different type  @typescript-eslint/no-explicit-any
   75:40  warning  Unexpected any. Specify a different type  @typescript-eslint/no-explicit-any
  238:34  warning  Unexpected any. Specify a different type  @typescript-eslint/no-explicit-any
  321:52  warning  Unexpected any. Specify a different type  @typescript-eslint/no-explicit-any
  344:59  warning  Unexpected any. Specify a different type  @typescript-eslint/no-explicit-any

D:\Github\swp-Data-Labeling-Support-System\FrontEnd\src\pages\annotator\AnnotatorDashboardPage.tsx
  105:48  warning  Unexpected any. Specify a different type  @typescript-eslint/no-explicit-any
  106:54  warning  Unexpected any. Specify a different type  @typescript-eslint/no-explicit-any
  107:46  warning  Unexpected any. Specify a different type  @typescript-eslint/no-explicit-any
  150:42  warning  Unexpected any. Specify a different type  @typescript-eslint/no-explicit-any
  201:27  warning  Unexpected any. Specify a different type  @typescript-eslint/no-explicit-any
  219:27  warning  Unexpected any. Specify a different type  @typescript-eslint/no-explicit-any
  246:29  warning  Unexpected any. Specify a different type  @typescript-eslint/no-explicit-any
  264:51  warning  Unexpected any. Specify a different type  @typescript-eslint/no-explicit-any
  269:21  warning  Unexpected any. Specify a different type  @typescript-eslint/no-explicit-any
  276:45  warning  Unexpected any. Specify a different type  @typescript-eslint/no-explicit-any

D:\Github\swp-Data-Labeling-Support-System\FrontEnd\src\pages\annotator\components\AnnotationProjectDetail.tsx
  1:72  warning  Unexpected any. Specify a different type  @typescript-eslint/no-explicit-any

D:\Github\swp-Data-Labeling-Support-System\FrontEnd\src\pages\annotator\components\AssignmentHeader.tsx
  3:72  warning  Unexpected any. Specify a different type  @typescript-eslint/no-explicit-any

D:\Github\swp-Data-Labeling-Support-System\FrontEnd\src\pages\annotator\components\TaskCard.tsx
  7:52  warning  Unexpected any. Specify a different type  @typescript-eslint/no-explicit-any

D:\Github\swp-Data-Labeling-Support-System\FrontEnd\src\pages\annotator\components\TaskSection.tsx
   4:35  warning  Unexpected any. Specify a different type  @typescript-eslint/no-explicit-any
   4:58  warning  Unexpected any. Specify a different type  @typescript-eslint/no-explicit-any
   5:38  warning  Unexpected any. Specify a different type  @typescript-eslint/no-explicit-any
  12:58  warning  Unexpected any. Specify a different type  @typescript-eslint/no-explicit-any

D:\Github\swp-Data-Labeling-Support-System\FrontEnd\src\pages\auth\LoginPage.tsx
  15:35  warning  Unexpected any. Specify a different type  @typescript-eslint/no-explicit-any
  24:32  warning  Unexpected any. Specify a different type  @typescript-eslint/no-explicit-any
  24:58  warning  Unexpected any. Specify a different type  @typescript-eslint/no-explicit-any
  38:19  warning  Unexpected any. Specify a different type  @typescript-eslint/no-explicit-any

D:\Github\swp-Data-Labeling-Support-System\FrontEnd\src\pages\common\ProfilePage.tsx
  19:25  warning  Unexpected any. Specify a different type  @typescript-eslint/no-explicit-any
  24:35  warning  Unexpected any. Specify a different type  @typescript-eslint/no-explicit-any
  34:22  warning  Unexpected any. Specify a different type  @typescript-eslint/no-explicit-any
  38:34  warning  Unexpected any. Specify a different type  @typescript-eslint/no-explicit-any

D:\Github\swp-Data-Labeling-Support-System\FrontEnd\src\pages\manager\GuidelinesSetupPage.tsx
  41:50  warning  Unexpected any. Specify a different type  @typescript-eslint/no-explicit-any

D:\Github\swp-Data-Labeling-Support-System\FrontEnd\src\pages\reviewer\ReviewerWorkspacePage.tsx
   84:23  warning  Unexpected any. Specify a different type  @typescript-eslint/no-explicit-any
  151:23  warning  Unexpected any. Specify a different type  @typescript-eslint/no-explicit-any
  315:39  warning  Unexpected any. Specify a different type  @typescript-eslint/no-explicit-any

D:\Github\swp-Data-Labeling-Support-System\FrontEnd\src\styles\theme.ts
  160:14  warning  Unexpected any. Specify a different type  @typescript-eslint/no-explicit-any

Γ£û 78 problems (1 error, 77 warnings)

